// Jest Snapshot v1, https://goo.gl/fbAQLP

exports[`matches snapshot 1`] = `
<div
  className="calculator"
>
  <h3>
    Let's do some math!
  </h3>
  <ul
    className="main"
  >
    <p
      className="text"
      type="text"
    >
      <span />
    </p>
    <li
      className="row"
    >
      <button
        onClick={[Function]}
        type="button"
      >
        AC
      </button>
      <button
        onClick={[Function]}
        type="button"
      >
        +/-
      </button>
      <button
        onClick={[Function]}
        type="button"
      >
        %
      </button>
      <button
        className="right"
        onClick={[Function]}
        type="button"
      >
        รท
      </button>
    </li>
    <li
      className="row"
    >
      <button
        onClick={[Function]}
        type="button"
      >
        7
      </button>
      <button
        onClick={[Function]}
        type="button"
      >
        8
      </button>
      <button
        onClick={[Function]}
        type="button"
      >
        9
      </button>
      <button
        className="right"
        onClick={[Function]}
        type="button"
      >
        x
      </button>
    </li>
    <li
      className="row"
    >
      <button
        onClick={[Function]}
        type="button"
      >
        4
      </button>
      <button
        onClick={[Function]}
        type="button"
      >
        5
      </button>
      <button
        onClick={[Function]}
        type="button"
      >
        6
      </button>
      <button
        className="right"
        onClick={[Function]}
        type="button"
      >
        -
      </button>
    </li>
    <li
      className="row"
    >
      <button
        onClick={[Function]}
        type="button"
      >
        1
      </button>
      <button
        onClick={[Function]}
        type="button"
      >
        2
      </button>
      <button
        onClick={[Function]}
        type="button"
      >
        3
      </button>
      <button
        className="right"
        onClick={[Function]}
        type="button"
      >
        +
      </button>
    </li>
    <li
      className="row"
    >
      <button
        className="zero"
        onClick={[Function]}
        type="button"
      >
        0
      </button>
      <button
        onClick={[Function]}
        type="button"
      >
        .
      </button>
      <button
        className="right"
        onClick={[Function]}
        type="button"
      >
        =
      </button>
    </li>
  </ul>
</div>
`;
