// Jest Snapshot v1, https://goo.gl/fbAQLP

exports[`should snapshot 1`] = `
<div
  className="Quote-main"
>
  <p>
    Mathematics is not about numbers, equations. computations, or algorithms: it is about understanding. â€”William Paul Thurston
  </p>
</div>
`;
